[technotronic123.weebly.com/index.html]
[backblue.gif]
[fade.gif]
[index.html]
[technotronic123.weebly.com/uploads/1/4/4/7/144708907/line_5.png]
[technotronic123.weebly.com/uploads/1/4/4/7/144708907/watch_orig.jpg]
[technotronic123.weebly.com/uploads/1/4/4/7/144708907/watch-2_orig.jpg]
[technotronic123.weebly.com/uploads/1/4/4/7/144708907/earpods_orig.jpg]
[technotronic123.weebly.com/uploads/1/4/4/7/144708907/headphones_orig.jpg]
[technotronic123.weebly.com/uploads/1/4/4/7/144708907/218-2186190-50-discount-png-download-30-discount-transparent-png_orig.jpg]
[technotronic123.weebly.com/uploads/1/4/4/7/144708907/16-168765-discount-closeout-the-price-tag-action-label-sale_orig.jpg]
[technotronic123.weebly.com/uploads/1/4/4/7/144708907/219-2192334-discounts-price-icon-transparent-background-hd-png-download_orig.jpg]
[technotronic123.weebly.com/uploads/1/4/4/7/144708907/219-2192394-discounts-clipart-graphic-design-hd-png-download_orig.jpg]
[cdn2.editmysite.com/css/sites4cd9.css]
[cdn2.editmysite.com/css/old/fancyboxca48.css]
[cdn2.editmysite.com/css/social-iconsbb19.css]
[technotronic123.weebly.com/files/main_styleeb02.css]
[cdn2.editmysite.com/fonts/Josefin_Sans/fontc81e.css]
[cdn2.editmysite.com/fonts/Quattrocento/fontc81e.css]
[cdn2.editmysite.com/fonts/Crimson_Text/fontc81e.css]
[cdn2.editmysite.com/fonts/Montserrat/fontc81e.css]
[cdn2.editmysite.com/fonts/Playfair_Display/fontc81e.css]
[cdn2.editmysite.com/fonts/Lora/fontc81e.css]
[cdn2.editmysite.com/js/jquery-1.8.3.min.js]
[www.google.com/recaptcha/api.js]
[technotronic123.weebly.com/services.html]
[technotronic123.weebly.com/about.html]
[technotronic123.weebly.com/contact.html]
[cdn2.editmysite.com/js/lang/en/stl6a37.js]
[cdn2.editmysite.com/images/site/footer/footer-toast-published-image-1.png]
[cdn2.editmysite.com/js/site/footerSignup24f4.js]
[technotronic123.weebly.com/files/theme/customa4b4.js]
[technotronic123.weebly.com/files/theme/pluginsa4b4.js]
[technotronic123.weebly.com/index.html]
[cdn2.editmysite.com/images/util/videojs/white-bar.png]
[cdn2.editmysite.com/images/util/videojs/@2x/white-bar.png]
[cdn2.editmysite.com/images/util/videojs/gradient.png]
[cdn2.editmysite.com/images/util/videojs/@2x/gradient.png]
[cdn2.editmysite.com/js/wsnbn/snowday262.js]
[cdn2.editmysite.com/sprites/util/videojs-sacae758aa2.png]
[cdn2.editmysite.com/sprites/util/videojs/@2x-s2aff7e7d9a.png]
[cdn2.editmysite.com/images/util/videojs/volume-filled.png]
[cdn2.editmysite.com/images/util/videojs/@2x/volume-filled.png]
[cdn2.editmysite.com/images/util/videojs/volume-mute.png]
[cdn2.editmysite.com/images/util/videojs/@2x/volume-mute.png]
[cdn2.editmysite.com/images/util/videojs/blue-bar.png]
[cdn2.editmysite.com/images/util/videojs/@2x/blue-bar.png]
[cdn2.editmysite.com/images/util/videojs/maximize-icon.png]
[cdn2.editmysite.com/images/util/videojs/@2x/maximize-icon.png]
[cdn2.editmysite.com/images/util/videojs/minimize-icon.png]
[cdn2.editmysite.com/images/util/videojs/@2x/minimize-icon.png]
[cdn2.editmysite.com/images/util/videojs/play-icon.png]
[cdn2.editmysite.com/images/util/videojs/@2x/play-icon.png]
[cdn2.editmysite.com/images/util/videojs/sad-face.png]
[cdn2.editmysite.com/images/util/videojs/@2x/sad-face.png]
[cdn2.editmysite.com/images/util/videojs/loading-icon.png]
[cdn2.editmysite.com/js/site/main4cd9.js]
[cdn2.editmysite.com/images/util/videojs/@2x/loading-icon.png]
[cdn2.editmysite.com/images/common/buttons/small_grey.png]
[cdn2.editmysite.com/images/common/buttons/small_blue.png]
[cdn2.editmysite.com/images/old/button/large_grey.png]
[cdn2.editmysite.com/images/common/buttons/large_blue.png]
[cdn2.editmysite.com/images/common/search-light.png]
[cdn2.editmysite.com/images/common/social_icons.png]
[cdn2.editmysite.com/images/common/blog/blog-comment-button.png]
[cdn2.editmysite.com/images/common/blog/blog-comment-header.png]
[cdn2.editmysite.com/images/common/blog/blog-comment-pointer.png]
[cdn2.editmysite.com/images/common/blog/blog-comment-link.png]
[cdn2.editmysite.com/images/common/blog/blog-comment-header-author.png]
[cdn2.editmysite.com/images/common/blog/blog-comment-pointer-author.png]
[cdn2.editmysite.com/images/common/blog/blog-comment-field-bg.png]
[cdn2.editmysite.com/images/common/blog/dark-blog-comment-header.png]
[cdn2.editmysite.com/images/common/blog/dark-blog-comment-pointer.png]
[cdn2.editmysite.com/js/site/main-customer-accounts-site4cd9.js]
[cdn2.editmysite.com/images/common/blog/dark-blog-comment-header-author.png]
[cdn2.editmysite.com/images/common/blog/dark-blog-comment-pointer-author.png]
[cdn2.editmysite.com/images/common/blog/dark-blog-comment-link.png]
[cdn2.editmysite.com/images/util/general/blank.gif]
[cdn2.editmysite.com/images/common/lightbox/prevlabel.gif]
[cdn2.editmysite.com/images/common/lightbox/nextlabel.gif]
[cdn2.editmysite.com/sprites/util/inputs/checkmarkBox-s7868418152.png]
[cdn2.editmysite.com/sprites/util/inputs/checkmarkBox/@2x-s211a47d318.png]
[cdn2.editmysite.com/images/util/inputs/search-input-bg.jpg]
[cdn2.editmysite.com/images/common/magnifying-glass.png]
[cdn2.editmysite.com/images/common/checkmarks/checkmark-mini.png]
[cdn2.editmysite.com/images/common/checkmarks/@2x/checkmark-mini.png]
[cdn2.editmysite.com/images/common/search-pagination-bg.png]
[cdn2.editmysite.com/images/util/general/top-triangle-000.png]
[cdn2.editmysite.com/images/util/general/bottom-triangle-000.png]
[cdn2.editmysite.com/images/util/general/top-triangle-000@2x.png]
[cdn2.editmysite.com/images/util/general/bottom-triangle-000@2x.png]
[cdn2.editmysite.com/sprites/common/social-icons-s5ea5500bdb.png]
[cdn2.editmysite.com/sprites/common/social-icons/@2x-s0ae7d70c70.png]
[cdn2.editmysite.com/sprites/site/mini-cart-s86c48effae.png]
[cdn2.editmysite.com/sprites/site/mini-cart/@2x-s576cbc3f90.png]
[cdn2.editmysite.com/images/loading.gif]
[cdn2.editmysite.com/sprites/site/mobile/commerce-sdf6d4e852c.png]
[cdn2.editmysite.com/sprites/site/mobile/commerce/@2x-s82f968c453.png]
[cdn2.editmysite.com/images/site/checkout/paypal.png]
[cdn2.editmysite.com/images/site/checkout/@2x/paypal.png]
[cdn2.editmysite.com/images/site/checkout/credit-cards.png]
[cdn2.editmysite.com/images/site/checkout/@2x/credit-cards.png]
[cdn2.editmysite.com/images/site/checkout/print.png]
[cdn2.editmysite.com/images/site/checkout/print@2x.png]
[cdn2.editmysite.com/images/vendor/select2/select2.png]
[cdn2.editmysite.com/images/vendor/select2/select2-spinner.gif]
[cdn2.editmysite.com/images/vendor/select2/select2x2.png]
[cdn2.editmysite.com/images/util/spinner/spinner-dark.png]
[cdn2.editmysite.com/images/util/spinner/spinner-light.png]
[cdn2.editmysite.com/images/util/loading-white-w24.gif]
[cdn2.editmysite.com/images/common/form_input_bg.gif]
[cdn2.editmysite.com/sprites/site/forms-s3786257308.png]
[cdn2.editmysite.com/sprites/site/forms/@2x-s47607b315a.png]
[cdn2.editmysite.com/images/blank.gif]
[cdn2.editmysite.com/images/old/photoswipe/loader.gif]
[cdn2.editmysite.com/images/old/photoswipe/error.gif]
[cdn2.editmysite.com/images/old/photoswipe/icons.png]
[cdn2.editmysite.com/images/old/photoswipe/icons@2x.png]
[cdn2.editmysite.com/css/sites4cd9.css]
[cdn2.editmysite.com/images/old/fancybox/fancybox_sprite.png]
[cdn2.editmysite.com/images/old/fancybox/fancybox_loading.gif]
[cdn2.editmysite.com/images/old/fancybox/blank.gif]
[cdn2.editmysite.com/images/old/fancybox/fancybox_overlay.png]
[cdn2.editmysite.com/css/old/fancyboxca48.css]
[cdn2.editmysite.com/css/social-iconsbb19.css]
[technotronic123.weebly.com/files/theme/images/default-bgeb02.jpg]
[technotronic123.weebly.com/files/theme/images/select-dropdowneb02.png]
[technotronic123.weebly.com/files/main_styleeb02.css]
[cdn2.editmysite.com/fonts/Josefin_Sans/light.woff2]
[cdn2.editmysite.com/fonts/Josefin_Sans/light.woff]
[cdn2.editmysite.com/fonts/Josefin_Sans/light.eot]
[cdn2.editmysite.com/fonts/Josefin_Sans/light.ttf]
[cdn2.editmysite.com/fonts/Josefin_Sans/regular.woff2]
[cdn2.editmysite.com/fonts/Josefin_Sans/lightd41d.eot]
[cdn2.editmysite.com/fonts/Josefin_Sans/regular.woff]
[cdn2.editmysite.com/fonts/Josefin_Sans/regular.eot]
[cdn2.editmysite.com/fonts/Josefin_Sans/regulard41d.eot]
[cdn2.editmysite.com/fonts/Josefin_Sans/regular.ttf]
[cdn2.editmysite.com/fonts/Josefin_Sans/bold.woff2]
[cdn2.editmysite.com/fonts/Josefin_Sans/bold.eot]
[cdn2.editmysite.com/fonts/Josefin_Sans/bold.woff]
[cdn2.editmysite.com/fonts/Josefin_Sans/boldd41d.eot]
[cdn2.editmysite.com/fonts/Josefin_Sans/lightitalic.woff2]
[cdn2.editmysite.com/fonts/Josefin_Sans/bold.ttf]
[cdn2.editmysite.com/fonts/Josefin_Sans/lightitalic.eot]
[cdn2.editmysite.com/fonts/Josefin_Sans/lightitalic.woff]
[cdn2.editmysite.com/fonts/Josefin_Sans/lightitalicd41d.eot]
[cdn2.editmysite.com/fonts/Josefin_Sans/italic.woff2]
[cdn2.editmysite.com/fonts/Josefin_Sans/lightitalic.ttf]
[cdn2.editmysite.com/fonts/Josefin_Sans/italic.woff]
[cdn2.editmysite.com/fonts/Josefin_Sans/italic.eot]
[cdn2.editmysite.com/fonts/Josefin_Sans/italicd41d.eot]
[cdn2.editmysite.com/fonts/Josefin_Sans/bolditalic.woff2]
[cdn2.editmysite.com/fonts/Josefin_Sans/italic.ttf]
[cdn2.editmysite.com/fonts/Josefin_Sans/bolditalic.woff]
[cdn2.editmysite.com/fonts/Josefin_Sans/bolditalic.eot]
[cdn2.editmysite.com/fonts/Josefin_Sans/fontc81e.css]
[cdn2.editmysite.com/fonts/Josefin_Sans/bolditalicd41d.eot]
[cdn2.editmysite.com/fonts/Josefin_Sans/bolditalic.ttf]
[cdn2.editmysite.com/fonts/Quattrocento/regular.woff2]
[cdn2.editmysite.com/fonts/Quattrocento/regular.eot]
[cdn2.editmysite.com/fonts/Quattrocento/regular.woff]
[cdn2.editmysite.com/fonts/Quattrocento/regulard41d.eot]
[cdn2.editmysite.com/fonts/Quattrocento/bold.woff2]
[cdn2.editmysite.com/fonts/Quattrocento/regular.ttf]
[cdn2.editmysite.com/fonts/Quattrocento/bold.eot]
[cdn2.editmysite.com/fonts/Quattrocento/bold.woff]
[cdn2.editmysite.com/fonts/Quattrocento/boldd41d.eot]
[cdn2.editmysite.com/fonts/Quattrocento/fontc81e.css]
[cdn2.editmysite.com/fonts/Crimson_Text/regular.woff2]
[cdn2.editmysite.com/fonts/Crimson_Text/regular.eot]
[cdn2.editmysite.com/fonts/Crimson_Text/regular.woff]
[cdn2.editmysite.com/fonts/Quattrocento/bold.ttf]
[cdn2.editmysite.com/fonts/Crimson_Text/regulard41d.eot]
[cdn2.editmysite.com/fonts/Crimson_Text/italic.woff2]
[cdn2.editmysite.com/fonts/Crimson_Text/regular.ttf]
[cdn2.editmysite.com/fonts/Crimson_Text/italic.woff]
[cdn2.editmysite.com/fonts/Crimson_Text/italic.eot]
[cdn2.editmysite.com/fonts/Crimson_Text/bold.woff2]
[cdn2.editmysite.com/fonts/Crimson_Text/italic.ttf]
[cdn2.editmysite.com/fonts/Crimson_Text/italicd41d.eot]
[cdn2.editmysite.com/fonts/Crimson_Text/bold.eot]
[cdn2.editmysite.com/fonts/Crimson_Text/bold.woff]
[cdn2.editmysite.com/fonts/Crimson_Text/boldd41d.eot]
[cdn2.editmysite.com/fonts/Crimson_Text/bolditalic.woff2]
[cdn2.editmysite.com/fonts/Crimson_Text/bold.ttf]
[cdn2.editmysite.com/fonts/Crimson_Text/bolditalic.woff]
[cdn2.editmysite.com/fonts/Crimson_Text/bolditalic.eot]
[cdn2.editmysite.com/fonts/Crimson_Text/fontc81e.css]
[cdn2.editmysite.com/fonts/Crimson_Text/bolditalicd41d.eot]
[cdn2.editmysite.com/fonts/Montserrat/regular.woff2]
[cdn2.editmysite.com/fonts/Montserrat/regular.eot]
[cdn2.editmysite.com/fonts/Montserrat/regular.woff]
[cdn2.editmysite.com/fonts/Crimson_Text/bolditalic.ttf]
[cdn2.editmysite.com/fonts/Montserrat/regulard41d.eot]
[cdn2.editmysite.com/fonts/Montserrat/bold.woff2]
[cdn2.editmysite.com/fonts/Montserrat/regular.ttf]
[cdn2.editmysite.com/fonts/Montserrat/bold.woff]
[cdn2.editmysite.com/fonts/Montserrat/bold.eot]
[cdn2.editmysite.com/fonts/Montserrat/fontc81e.css]
[cdn2.editmysite.com/fonts/Montserrat/boldd41d.eot]
[cdn2.editmysite.com/fonts/Playfair_Display/regular.woff2]
[cdn2.editmysite.com/fonts/Playfair_Display/regular.woff]
[cdn2.editmysite.com/fonts/Montserrat/bold.ttf]
[cdn2.editmysite.com/fonts/Playfair_Display/regular.eot]
[cdn2.editmysite.com/fonts/Playfair_Display/bold.woff2]
[cdn2.editmysite.com/fonts/Playfair_Display/regulard41d.eot]
[cdn2.editmysite.com/fonts/Playfair_Display/bold.woff]
[cdn2.editmysite.com/fonts/Playfair_Display/regular.ttf]
[cdn2.editmysite.com/fonts/Playfair_Display/bold.eot]
[cdn2.editmysite.com/fonts/Playfair_Display/italic.woff2]
[cdn2.editmysite.com/fonts/Playfair_Display/boldd41d.eot]
[cdn2.editmysite.com/fonts/Playfair_Display/italic.eot]
[cdn2.editmysite.com/fonts/Playfair_Display/bold.ttf]
[cdn2.editmysite.com/fonts/Playfair_Display/italic.woff]
[cdn2.editmysite.com/fonts/Playfair_Display/italicd41d.eot]
[cdn2.editmysite.com/fonts/Playfair_Display/bolditalic.woff2]
[cdn2.editmysite.com/fonts/Playfair_Display/italic.ttf]
[cdn2.editmysite.com/fonts/Playfair_Display/bolditalic.woff]
[cdn2.editmysite.com/fonts/Playfair_Display/bolditalic.eot]
[cdn2.editmysite.com/fonts/Playfair_Display/fontc81e.css]
[cdn2.editmysite.com/fonts/Playfair_Display/bolditalicd41d.eot]
[cdn2.editmysite.com/fonts/Lora/regular.woff2]
[cdn2.editmysite.com/fonts/Playfair_Display/bolditalic.ttf]
[cdn2.editmysite.com/fonts/Lora/regular.woff]
[cdn2.editmysite.com/fonts/Lora/regular.eot]
[cdn2.editmysite.com/fonts/Lora/regulard41d.eot]
[cdn2.editmysite.com/fonts/Lora/bold.woff2]
[cdn2.editmysite.com/fonts/Lora/regular.ttf]
[cdn2.editmysite.com/fonts/Lora/bold.eot]
[cdn2.editmysite.com/fonts/Lora/bold.woff]
[cdn2.editmysite.com/fonts/Lora/boldd41d.eot]
[cdn2.editmysite.com/fonts/Lora/italic.woff2]
[cdn2.editmysite.com/fonts/Lora/bold.ttf]
[cdn2.editmysite.com/fonts/Lora/italic.woff]
[cdn2.editmysite.com/fonts/Lora/italic.eot]
[cdn2.editmysite.com/fonts/Lora/italicd41d.eot]
[cdn2.editmysite.com/fonts/Lora/bolditalic.woff2]
[cdn2.editmysite.com/fonts/Lora/italic.ttf]
[cdn2.editmysite.com/fonts/Lora/bolditalic.woff]
[cdn2.editmysite.com/fonts/Lora/bolditalic.eot]
[cdn2.editmysite.com/fonts/Lora/fontc81e.css]
[cdn2.editmysite.com/fonts/Lora/bolditalicd41d.eot]
[cdn2.editmysite.com/fonts/Lora/bolditalic.ttf]
[technotronic123.weebly.com/uploads/1/4/4/7/144708907/line_1.png]
[technotronic123.weebly.com/uploads/1/4/4/7/144708907/line_2.png]
[technotronic123.weebly.com/uploads/1/4/4/7/144708907/line_3.png]
[technotronic123.weebly.com/uploads/1/4/4/7/144708907/line_4.png]
[cdn2.editmysite.com/css/sites24f4.css]
[technotronic123.weebly.com/services.html]
[cdn2.editmysite.com/js/lang/en/stl72c9.js]
[technotronic123.weebly.com/uploads/1/4/4/7/144708907/line_8.png]
[technotronic123.weebly.com/about.html]
[technotronic123.weebly.com/uploads/1/4/4/7/144708907/ali_orig.jpg]
[cdn2.editmysite.com/js/site/main24f4.js]
[cdn2.editmysite.com/js/site/main-customer-accounts-site24f4.js]
[technotronic123.weebly.com/uploads/1/4/4/7/144708907/line_9.png]
[technotronic123.weebly.com/contact.html]
[technotronic123.weebly.com/_/uploads/1/4/4/7/144708907/background-images/545687750.html]
[cdn2.editmysite.com/css/sites24f4.css]
